≡ƒº¬ Bing Indexing API - Test Script

≡ƒöæ API Key: 34af85f7...
≡ƒîÉ Site URL: https://auzziechauffeur.com.au
≡ƒôè Test URLs: 5

   1. https://auzziechauffeur.com.au/
   2. https://auzziechauffeur.com.au/about-us
   3. https://auzziechauffeur.com.au/services
   4. https://auzziechauffeur.com.au/contact-us
   5. https://auzziechauffeur.com.au/sydney

≡ƒôñ Sending request to Bing API...
≡ƒôï Payload: {"siteUrl":"https://auzziechauffeur.com.au","urlList":["https://auzziechauffeur.com.au/","https://auzziechauffeur.com.au/about-us","https://auzziechauffeur.com.au/services","https://auzziechauffeur.com.au/contact-us","https://auzziechauffeur.com.au/sydney"]}
≡ƒôè Response Status: 400
≡ƒôä Response Body: {"ErrorCode":2,"Message":"ERROR!!! You have exceeded your daily url submission quota : 100"}
node : 
At line:1 char:1
+ node scripts/bing-test.js 
> test-output.txt 2>&1 ; 
cat test-output.tx ...
+ ~~~~~~~~~~~~~~~~~~~~~~~~~~
~~~~~~~~~~~~~~~~~~~~~~
    + CategoryInfo          
    : NotSpecified: (:Stri  
  ng) [], RemoteException
    + FullyQualifiedErrorId 
    : NativeCommandError
 
Γ¥î FAILED!
≡ƒÆÑ Error: HTTP 400: {"Erro
rCode":2,"Message":"ERROR!!!
 You have exceeded your 
daily url submission quota 
: 100"}
